╭cass | Dark | Hybrid/Prefix───────────────────────────────────────────────────────────────────────────────────────────╮
│authenticatio│n regression                                                                                            │
│[agent:any] [ws:any] [time:all] [source:all]                                                                          │
│All agents › All workspaces › Any time › Balanced › all sources                                                       │
╰──────────────────────────────────────────────────────────────────────────────────────────────────────────────────────╯
╭Results (1)───────────────────────────────────────────────────────────────────────│╭Detail [Messages] ↩───────────────╮
│▶   1. ?? @aider Large-snippet rendering edge case                                ││  ● Messages  │ Snippets │ Raw │ J│
│      ▁▁▁0.6 [ci-linux] score 0.64 | [ci-linux] | ws /workspace/cass              ││Large-snippet rendering edge case │
│      /workspace/cass/tests/regression/long_snippet.md:9                          ││agent=aider workspace=/workspace/c│
│      The following snippet intentionally exceeds normal row budgets to           ││────────────────────────────────  │
│      exercise truncation, striping, selection, and horizontal clipping behav...  ││  This is a deliberately long snip│
│                                                                                  ││                                  │
│                                                                                  ││                                  │
│                                                                                  ││                                  │
│                                                                                  ││                                  │
│                                                                                  ││                                  │
│                                                                                  ││                                  │
│                                                                                  ││                                  │
│                                                                                  ││                                  │
│                                                                                  ││                                  │
│                                                                                  ││                                  │
╰──────────────────────────────────────────────────────────────────────────────────│╰──────────────────────────────────╯
 hits:1 | query:HYB / PFX | perf:lat:— cache:cold | runtime:stable | scope:rank:balanced ctx:M src:all | view:med/cozy  
  | Enter=open Ctrl+M/Ctrl+X=select Tab=focus F1=help                                                                   