╭Detail [Json] ↩───────────────────────────────────────────────────────────────────────╮
│  Messages  │  Snippets  │  Raw  │  ● Json  │  Analytics                              │
│JSON Viewer                                                                           │
│                                                                                      │
│{                                                                                     │
│  "agent": "claude_code",                                                             │
│  "external_id": "conv-1",                                                            │
│  "title": "Cached Conversation",                                                     │
│  "source_path": "/test/session.jsonl",                                               │
│  "started_at": 1700000000,                                                           │
│  "ended_at": 1700000120,                                                             │
│  "approx_tokens": 1024,                                                              │
│  "source_id": "local",                                                               │
│  "source_kind": "local",                                                             │
│  "origin_host": null,                                                                │
│  "workspace_original": null,                                                         │
│  "message_count": 0,                                                       1/17 (0%) │
╰──────────────────────────────────────────────────────────────────────────────────────╯