╭Detail [Messages] ↩───────────────────────────────────────────────────────────────────────────╮
│  ● Messages  │  Snippets  │  Raw  │  Json  │  Analytics                                      │
│ [agent:✓ aider] [ws:/workspace/cass] [src:⇄ ci-linux@ci-linux] [score:0.640 (6.4/10)]        │
│ [at:1970-01-20 16:13] [dur:0s] [msgs:4 msgs] [mix:u:1 a:1 t:1 s:1]                           │
│ activity █                  █                   █                   █  4 msgs                │
│────────────────────────────────────────────────────────────────────────────────────────────  │
│Large-snippet rendering edge case                                                             │
│agent=aider │ ws=/workspace/cass │ source=ci-linux (remote) │ score=0.640 (6.4/10) │ ws_orig=/│
│────────────────────────────────────────────────────────────────────────────────────────────  │
│▌  User (operator) 22:13:20 [1/4]                                                            │
│▌ User intent: improve visual hierarchy and readability.                                      │
│                                                                                              │
│  ────────────────────────────────────────────────────────────                                │
│▌ ✓ Agent (cass) 22:13:30 [2/4]                                                               │
│▌ Assistant response: proposing tab, find-bar, and pill refinements.                          │
│                                                                                              │
│  ────────────────────────────────────────────────────────────                                │
│▌ ⚙ Tool (ubs) 22:13:40 [3/4] ▼                                                               │
│▌ Tool output: scan completed with deterministic fixture checks.                              │
│                                                                                              │
│  ────────────────────────────────────────────────────────────                                │
│▌ ℹ System (runtime) 22:13:50 [4/4] ▼                                                         │
│▌ System event: render budget remains stable at full quality.                                 │
│                                                                                              │
│                                                                                              │
│                                                                                              │
│                                                                                              │
│                                                                                              │
│                                                                                              │
╰──────────────────────────────────────────────────────────────────────────────────────────────╯