╭Detail [Messages] ↩───────────────────────────────────────────────────────────────────╮
│  ● Messages  │ Snippets │ Raw │ Json                                                 │
│Large-snippet rendering edge case                                                     │
│agent=aider │ ws=/workspace/cass │ source=ci-linux (remote) │ score=0.640 (6.4/10) │ w│
│────────────────────────────────────────────────────────────────────────────────────  │
│                                                                                      │
│                                                                                      │
│                                                                                      │
│                                                                                      │
│                                                                                      │
│                                                                                      │
│                                                                                      │
│                                                                                      │
│                                                                                      │
│                                                                                      │
│                                                                                      │
│                                                                                      │
╰──────────────────────────────────────────────────────────────────────────────────────╯