╭Detail [Snippets] ↩───────────────────────────────────────────────────────────────────╮
│  Messages  │  ● Snippets  │  Raw  │  Json  │  Analytics                              │
│Snippets                                                                              │
│                                                                                      │
│No snippets extracted.                                                                │
│                                                                                      │
│                                                                                      │
│                                                                                      │
│                                                                                      │
│                                                                                      │
│                                                                                      │
│                                                                                      │
│                                                                                      │
│                                                                                      │
│                                                                                      │
│                                                                                      │
│                                                                                      │
╰──────────────────────────────────────────────────────────────────────────────────────╯