╭cass | Light | Hybrid/Prefix──────────────────────────────────────────────────────────────────────────────────────────╮
│authenticatio│n regression                                                                                            │
│[agent:✎any] [ws:✎any] [time:✎all] [source:✎all]                                                                      │
│All agents › All workspaces › Any time › Balanced › all sources                                                       │
╰──────────────────────────────────────────────────────────────────────────────────────────────────────────────────────╯
╭Results (1)───────────────────────────────────────────────────────────────────────│╭Detail [Messages] ↩───────────────╮
│▶   1. ▼ @aider Large-snippet rendering edge case                                 ││  ● Messages  │  Snippets  │  Raw │
│      M█▇ 6.4 [ci-linux] mt suffix │ ws /workspace/cass                           ││Large-snippet rendering edge case │
│      /workspace/cass/tests/regression/long_snippet.md:9                          ││agent=aider │ ws=/workspace/cass ││
│    │ The following snippet intentionally exceeds normal row budgets to           ││────────────────────────────────  │
│    │ exercise truncation, striping, selection, and horizontal clipping beh...    ││  This is a deliberately long snip│
│                                                                                  ││                                  │
│                                                                                  ││                                  │
│                                                                                  ││                                  │
│                                                                                  ││                                  │
│                                                                                  ││                                  │
│                                                                                  ││                                  │
│                                                                                  ││                                  │
│                                                                                  ││                                  │
│                                                                                  ││                                  │
│                                                                                  ││                                  │
╰──────────────────────────────────────────────────────────────────────────────────│╰──────────────────────────────────╯
 status:Theme: Light | hits:1 | view:med/cozy | query:HYB / PFX | perf:lat:— cache:cold | runtime:stable                
  | Enter=open Ctrl+M/Ctrl+X=select Tab=focus F1=help                                                                   