╭cass | Dark | Hybrid/Prefix───────────────────────────────────────────────────────────────────────────────────────────╮
│authenticatio│n regression                                                                                            │
│[agent:codex] [ws:/workspace/cass] [time:Jan 20, 1970 -> now] [source:remote-ci] [pane:triage]                        │
│codex › /workspace/cass › Jan 20, 1970 -> now › Balanced › source remote-ci                                           │
╰──────────────────────────────────────────────────────────────────────────────────────────────────────────────────────╯
╭Results (1)───────────────────────────────────────────────────────────────────────│╭Detail [Messages] ↩───────────────╮
│▶   1. ▼ @aider Large-snippet rendering edge case                                 ││  ● Messages  │  Snippets  │  Raw │
│      M█▇ 6.4 [ci-linux] mt suffix │ ws /workspace/cass                           ││✓ aider │ /workspace/cass │ ci-lin│
│      /workspace/cass/tests/regression/long_snippet.md:9                          ││────────────────────────────────  │
│    │ The following snippet intentionally exceeds normal row budgets to           ││Large-snippet rendering edge case │
│    │ exercise truncation, striping, selection, and horizontal clipping beh...    ││agent=aider │ ws=/workspace/cass ││
│                                                                                  ││────────────────────────────────  │
│                                                                                  ││  This is a deliberately long snip│
│                                                                                  ││                                  │
│                                                                                  ││                                  │
│                                                                                  ││                                  │
│                                                                                  ││                                  │
│                                                                                  ││                                  │
│                                                                                  ││                                  │
│                                                                                  ││                                  │
│0 sessions │ 0 msgs │ 0 tok │ est $0.000                                          ││                                  │
╰──────────────────────────────────────────────────────────────────────────────────│╰──────────────────────────────────╯
 hits:1 | view:med/cozy | query:HYB / PFX | perf:lat:— cache:cold | runtime:stable                                      
  | Enter=open Ctrl+M/Ctrl+X=select Tab=focus F1=help                                                                   