╭Detail [Snippets] ↩───────────────────────────────────────────────────────────────────╮
│  Messages  │  ● Snippets  │  Raw  │  Json                                            │
│Snippets                                                                              │
│                                                                                      │
│No snippets extracted.                                                                │
│                                                                                      │
│                                                                                      │
│                                                                                      │
│                                                                                      │
│                                                                                      │
│                                                                                      │
│                                                                                      │
│                                                                                      │
│                                                                                      │
│                                                                                      │
│                                                                                      │
│                                                                                      │
╰──────────────────────────────────────────────────────────────────────────────────────╯