┌cass | mode:hybrid | match:prefix────────────────────────────────────────────┐
│authenticatio│n regression                                                   │
│[agent:any] [ws:any] [time:all] [source:all]                                 │
│All agents › All workspaces › Any time › Balanced › all sources              │
└─────────────────────────────────────────────────────────────────────────────┘
┌Results (1)──────────────────────────────────────────────────────────────────┐
│▶   1. ?? @aider Large-snippet rendering edge case                           │
│      ▁▁▁0.6 [ci-linux] · The following snippet intentionally exceeds no...  │
│                                                                             │
│                                                                             │
│                                                                             │
│                                                                             │
│                                                                             │
│                                                                             │
│                                                                             │
│                                                                             │
│                                                                             │
│                                                                             │
│                                                                             │
│                                                                             │
│                                                                             │
└─────────────────────────────────────────────────────────────────────────────┘
 hits:1 | query:HYB / PFX | perf:lat:— cache:cold | runtime:stable             
                                                                               