╭Detail [Messages] ↩───────────────────────────────────────────────────────────────────────────╮
│  ● Messages  │  Snippets  │  Raw  │  Json  │  Analytics                                      │
│ [agent:✓ aider] [ws:/workspace/cass] [src:⇄ ci-linux@ci-linux] [score:0.640 (6.4/10)]        │
│ [at:2023-11-14 22:13] [dur:2m 0s] [msgs:0 msgs] [mix:u:0 a:0 t:0 s:0]                        │
│────────────────────────────────────────────────────────────────────────────────────────────  │
│Large-snippet rendering edge case                                                             │
│agent=aider │ ws=/workspace/cass │ source=ci-linux (remote) │ score=0.640 (6.4/10) │          │
│ws_orig=/mnt/build/cass                                                                       │
│────────────────────────────────────────────────────────────────────────────────────────────  │
│                                                                                              │
│                                                                                              │
│                                                                                              │
│                                                                                              │
│                                                                                              │
│                                                                                              │
│                                                                                              │
│                                                                                              │
│                                                                                              │
│                                                                                              │
╰──────────────────────────────────────────────────────────────────────────────────────────────╯