╭Detail [Messages] ↩───────────────────────────────────────────────────────────────────────────╮
│  ● Messages  │ Snippets │ Raw │ Json                                                         │
│Large-snippet rendering edge case                                                             │
│agent=aider │ ws=/workspace/cass │ source=ci-linux (remote) │ score=0.640 (6.4/10) │ ws_orig=/│
│────────────────────────────────────────────────────────────────────────────────────────────  │
│                                                                                              │
│                                                                                              │
│                                                                                              │
│                                                                                              │
│                                                                                              │
│                                                                                              │
│                                                                                              │
│                                                                                              │
│                                                                                              │
│                                                                                              │
│                                                                                              │
│                                                                                              │
│──────────────────────────────────────────────────────────────────────────────────────────────│
│ /definitely-no-hit (0/0 no matches) · Enter next · n/N prev · Esc close                      │
╰──────────────────────────────────────────────────────────────────────────────────────────────╯