┌cass | mode:hybrid | match:prefix────────────────────────────────────────────┐
│authenticatio│n regression                                                   │
│[agent:✎any] [ws:✎any] [time:✎all] [source:✎all]                             │
│All agents › All workspaces › Any time › Balanced › all sources              │
└─────────────────────────────────────────────────────────────────────────────┘
┌Results (1)──────────────────────────────────────────────────────────────────┐
│▶   1. ▼ @aider Large-snippet rendering edge case                            │
│      M█▇ 6.4 [ci-linux] mt suffix · The following snippet intentionally exce│
│                                                                             │
│                                                                             │
│                                                                             │
│                                                                             │
│                                                                             │
│                                                                             │
│                                                                             │
│                                                                             │
│                                                                             │
│                                                                             │
│                                                                             │
│                                                                             │
│                                                                             │
└─────────────────────────────────────────────────────────────────────────────┘
 hits:1 | view:narrow/compact | query:HYB / PFX | perf:lat:— cache:cold        
                                                                               